// Jest Snapshot v1, https://goo.gl/fbAQLP

exports[`SearchInput Snapshot should render SearchInput with no value 1`] = `
<button
  className=""
  disabled={false}
  onClick={[MockFunction]}
  type="button"
>
  Test
</button>
`;
